<?xml version="1.0" encoding="utf-8"?><testsuites><testsuite name="pytest" errors="0" failures="0" skipped="0" tests="29" time="1.709" timestamp="2025-07-10T21:52:48.134760-04:00" hostname="Hanys-MacBook-Air.local"><testcase classname="tests.unit.test_calculator" name="test_add[add_two_positive_integers]" time="0.001" /><testcase classname="tests.unit.test_calculator" name="test_add[add_two_negative_integers]" time="0.000" /><testcase classname="tests.unit.test_calculator" name="test_add[add_two_positive_floats]" time="0.001" /><testcase classname="tests.unit.test_calculator" name="test_add[add_negative_and_positive_float]" time="0.000" /><testcase classname="tests.unit.test_calculator" name="test_add[add_zeros]" time="0.001" /><testcase classname="tests.unit.test_calculator" name="test_subtract[subtract_two_positive_integers]" time="0.000" /><testcase classname="tests.unit.test_calculator" name="test_subtract[subtract_two_negative_integers]" time="0.000" /><testcase classname="tests.unit.test_calculator" name="test_subtract[subtract_two_positive_floats]" time="0.000" /><testcase classname="tests.unit.test_calculator" name="test_subtract[subtract_two_negative_floats]" time="0.001" /><testcase classname="tests.unit.test_calculator" name="test_subtract[subtract_zeros]" time="0.000" /><testcase classname="tests.unit.test_calculator" name="test_multiply[multiply_two_positive_integers]" time="0.000" /><testcase classname="tests.unit.test_calculator" name="test_multiply[multiply_negative_and_positive_integer]" time="0.000" /><testcase classname="tests.unit.test_calculator" name="test_multiply[multiply_two_positive_floats]" time="0.000" /><testcase classname="tests.unit.test_calculator" name="test_multiply[multiply_negative_float_and_positive_float]" time="0.000" /><testcase classname="tests.unit.test_calculator" name="test_multiply[multiply_zero_and_positive_integer]" time="0.000" /><testcase classname="tests.unit.test_calculator" name="test_divide[divide_two_positive_integers]" time="0.000" /><testcase classname="tests.unit.test_calculator" name="test_divide[divide_negative_integer_by_positive_integer]" time="0.000" /><testcase classname="tests.unit.test_calculator" name="test_divide[divide_two_positive_floats]" time="0.000" /><testcase classname="tests.unit.test_calculator" name="test_divide[divide_negative_float_by_positive_float]" time="0.000" /><testcase classname="tests.unit.test_calculator" name="test_divide[divide_zero_by_positive_integer]" time="0.000" /><testcase classname="tests.unit.test_calculator" name="test_divide_by_zero" time="0.000" /><testcase classname="tests.integration.test_fastapi_calculator" name="test_add_api" time="0.012" /><testcase classname="tests.integration.test_fastapi_calculator" name="test_subtract_api" time="0.002" /><testcase classname="tests.integration.test_fastapi_calculator" name="test_multiply_api" time="0.002" /><testcase classname="tests.integration.test_fastapi_calculator" name="test_divide_api" time="0.002" /><testcase classname="tests.integration.test_fastapi_calculator" name="test_divide_by_zero_api" time="0.003" /><testcase classname="tests.e2e.test_e2e" name="test_hello_world" time="0.920" /><testcase classname="tests.e2e.test_e2e" name="test_calculator_add" time="0.143" /><testcase classname="tests.e2e.test_e2e" name="test_calculator_divide_by_zero" time="0.149" /></testsuite></testsuites>